{
  "version": "1.5.0",
  "plugins_used": [
    {
      "name": "ArtifactoryDetector"
    },
    {
      "name": "AWSKeyDetector"
    },
    {
      "name": "AzureStorageKeyDetector"
    },
    {
      "name": "Base64HighEntropyString",
      "limit": 4.5
    },
    {
      "name": "BasicAuthDetector"
    },
    {
      "name": "CloudantDetector"
    },
    {
      "name": "DiscordBotTokenDetector"
    },
    {
      "name": "GitHubTokenDetector"
    },
    {
      "name": "GitLabTokenDetector"
    },
    {
      "name": "HexHighEntropyString",
      "limit": 3.0
    },
    {
      "name": "IbmCloudIamDetector"
    },
    {
      "name": "IbmCosHmacDetector"
    },
    {
      "name": "IPPublicDetector"
    },
    {
      "name": "JwtTokenDetector"
    },
    {
      "name": "KeywordDetector",
      "keyword_exclude": ""
    },
    {
      "name": "MailchimpDetector"
    },
    {
      "name": "NpmDetector"
    },
    {
      "name": "OpenAIDetector"
    },
    {
      "name": "PrivateKeyDetector"
    },
    {
      "name": "PypiTokenDetector"
    },
    {
      "name": "SendGridDetector"
    },
    {
      "name": "SlackDetector"
    },
    {
      "name": "SoftlayerDetector"
    },
    {
      "name": "SquareOAuthDetector"
    },
    {
      "name": "StripeDetector"
    },
    {
      "name": "TelegramBotTokenDetector"
    },
    {
      "name": "TwilioKeyDetector"
    }
  ],
  "filters_used": [
    {
      "path": "detect_secrets.filters.allowlist.is_line_allowlisted"
    },
    {
      "path": "detect_secrets.filters.common.is_baseline_file",
      "filename": ".secrets.baseline"
    },
    {
      "path": "detect_secrets.filters.common.is_ignored_due_to_verification_policies",
      "min_level": 2
    },
    {
      "path": "detect_secrets.filters.heuristic.is_indirect_reference"
    },
    {
      "path": "detect_secrets.filters.heuristic.is_likely_id_string"
    },
    {
      "path": "detect_secrets.filters.heuristic.is_lock_file"
    },
    {
      "path": "detect_secrets.filters.heuristic.is_not_alphanumeric_string"
    },
    {
      "path": "detect_secrets.filters.heuristic.is_potential_uuid"
    },
    {
      "path": "detect_secrets.filters.heuristic.is_prefixed_with_dollar_sign"
    },
    {
      "path": "detect_secrets.filters.heuristic.is_sequential_string"
    },
    {
      "path": "detect_secrets.filters.heuristic.is_swagger_file"
    },
    {
      "path": "detect_secrets.filters.heuristic.is_templated_secret"
    },
    {
      "path": "detect_secrets.filters.regex.should_exclude_file",
      "pattern": [
        "\\.secrets\\.baseline$"
      ]
    }
  ],
  "results": {
    "charts/agent/templates/opencode-config.yaml": [
      {
        "type": "Secret Keyword",
        "filename": "charts/agent/templates/opencode-config.yaml",
        "hashed_secret": "71f8e7976e4cbc4561c9d62fb283e7f788202acb",
        "is_verified": false,
        "line_number": 46
      }
    ],
    "host/mcp/toolhive-servers.json": [
      {
        "type": "Secret Keyword",
        "filename": "host/mcp/toolhive-servers.json",
        "hashed_secret": "b4286cc5a6afc6097acfc26bedf819771c5694e6",
        "is_verified": false,
        "line_number": 175
      },
      {
        "type": "Secret Keyword",
        "filename": "host/mcp/toolhive-servers.json",
        "hashed_secret": "a0f084466451361472b754a9ce686b2927f4ccf8",
        "is_verified": false,
        "line_number": 202
      },
      {
        "type": "Secret Keyword",
        "filename": "host/mcp/toolhive-servers.json",
        "hashed_secret": "9cb92a43a74860c085630c22c05c8a3376789239",
        "is_verified": false,
        "line_number": 226
      }
    ],
    "images/mcp-cerbos-shim/internal/server/server_test.go": [
      {
        "type": "Base64 High Entropy String",
        "filename": "images/mcp-cerbos-shim/internal/server/server_test.go",
        "hashed_secret": "49009261c946bdb64b0c225f8f2de0ce32a33a74",
        "is_verified": false,
        "line_number": 945
      }
    ]
  },
  "generated_at": "2026-07-22T20:06:10Z"
}
