{
  "version": "1.5.0",
  "plugins_used": [
    {
      "name": "ArtifactoryDetector"
    },
    {
      "name": "AWSKeyDetector"
    },
    {
      "name": "AzureStorageKeyDetector"
    },
    {
      "name": "Base64HighEntropyString",
      "limit": 4.5
    },
    {
      "name": "BasicAuthDetector"
    },
    {
      "name": "CloudantDetector"
    },
    {
      "name": "DiscordBotTokenDetector"
    },
    {
      "name": "GitHubTokenDetector"
    },
    {
      "name": "GitLabTokenDetector"
    },
    {
      "name": "HexHighEntropyString",
      "limit": 3.0
    },
    {
      "name": "IbmCloudIamDetector"
    },
    {
      "name": "IbmCosHmacDetector"
    },
    {
      "name": "IPPublicDetector"
    },
    {
      "name": "JwtTokenDetector"
    },
    {
      "name": "KeywordDetector",
      "keyword_exclude": ""
    },
    {
      "name": "MailchimpDetector"
    },
    {
      "name": "NpmDetector"
    },
    {
      "name": "OpenAIDetector"
    },
    {
      "name": "PrivateKeyDetector"
    },
    {
      "name": "PypiTokenDetector"
    },
    {
      "name": "SendGridDetector"
    },
    {
      "name": "SlackDetector"
    },
    {
      "name": "SoftlayerDetector"
    },
    {
      "name": "SquareOAuthDetector"
    },
    {
      "name": "StripeDetector"
    },
    {
      "name": "TelegramBotTokenDetector"
    },
    {
      "name": "TwilioKeyDetector"
    }
  ],
  "filters_used": [
    {
      "path": "detect_secrets.filters.allowlist.is_line_allowlisted"
    },
    {
      "path": "detect_secrets.filters.common.is_baseline_file",
      "filename": ".secrets.baseline"
    },
    {
      "path": "detect_secrets.filters.common.is_ignored_due_to_verification_policies",
      "min_level": 2
    },
    {
      "path": "detect_secrets.filters.heuristic.is_indirect_reference"
    },
    {
      "path": "detect_secrets.filters.heuristic.is_likely_id_string"
    },
    {
      "path": "detect_secrets.filters.heuristic.is_lock_file"
    },
    {
      "path": "detect_secrets.filters.heuristic.is_not_alphanumeric_string"
    },
    {
      "path": "detect_secrets.filters.heuristic.is_potential_uuid"
    },
    {
      "path": "detect_secrets.filters.heuristic.is_prefixed_with_dollar_sign"
    },
    {
      "path": "detect_secrets.filters.heuristic.is_sequential_string"
    },
    {
      "path": "detect_secrets.filters.heuristic.is_swagger_file"
    },
    {
      "path": "detect_secrets.filters.heuristic.is_templated_secret"
    },
    {
      "path": "detect_secrets.filters.regex.should_exclude_file",
      "pattern": [
        "\\.secrets\\.baseline$"
      ]
    }
  ],
  "results": {
    "apps/vicegerent/agents/hermes/restart-job.yaml": [
      {
        "type": "Secret Keyword",
        "filename": "apps/vicegerent/agents/hermes/restart-job.yaml",
        "hashed_secret": "db0e7d986d97802b824830ebff536f56e777446a",
        "is_verified": false,
        "line_number": 93
      }
    ],
    "apps/vicegerent/ghostunnel-ca/sync-job.yaml": [
      {
        "type": "Secret Keyword",
        "filename": "apps/vicegerent/ghostunnel-ca/sync-job.yaml",
        "hashed_secret": "afe1453f65d50a84c4a6a8bea6d5f547f21fe773",
        "is_verified": false,
        "line_number": 58
      }
    ],
    "host/mcp-proxy-server/README.md": [
      {
        "type": "Secret Keyword",
        "filename": "host/mcp-proxy-server/README.md",
        "hashed_secret": "18af7ad1a1ff482f069c6162b937ad9cf770ebb9",
        "is_verified": false,
        "line_number": 65
      },
      {
        "type": "Secret Keyword",
        "filename": "host/mcp-proxy-server/README.md",
        "hashed_secret": "2ddab9150486252bff2df58142618bf58c2fd67a",
        "is_verified": false,
        "line_number": 78
      },
      {
        "type": "Secret Keyword",
        "filename": "host/mcp-proxy-server/README.md",
        "hashed_secret": "0a836608ff5f15ed00ab771be125efd1f1b8149e",
        "is_verified": false,
        "line_number": 167
      }
    ],
    "host/mcp-proxy-server/config/mcp_server.json.example": [
      {
        "type": "Secret Keyword",
        "filename": "host/mcp-proxy-server/config/mcp_server.json.example",
        "hashed_secret": "cf4a956e75901c220c0f5fbaec41987fc6177345",
        "is_verified": false,
        "line_number": 7
      }
    ],
    "host/mcp-proxy-server/src/sse.ts": [
      {
        "type": "Secret Keyword",
        "filename": "host/mcp-proxy-server/src/sse.ts",
        "hashed_secret": "5baa61e4c9b93f3f0682250b6cf8331b7ee68fd8",
        "is_verified": false,
        "line_number": 64
      },
      {
        "type": "Secret Keyword",
        "filename": "host/mcp-proxy-server/src/sse.ts",
        "hashed_secret": "16b4b605795ae464391765621a418834cf2f65ad",
        "is_verified": false,
        "line_number": 76
      }
    ]
  },
  "generated_at": "2026-06-30T17:19:03Z"
}
